// Jest Snapshot v1, https://goo.gl/fbAQLP

exports[`happy path 1`] = `"data:application/pdf;base64,hello I am pdf"`;
